> rest-express@1.0.0 start
> NODE_ENV=production node dist/index.js
file:///app/dist/index.js:723
  throw new Error(
        ^
Error: DATABASE_URL must be set. Did you forget to provision a database?
    at file:///app/dist/index.js:723:9
    at ModuleJob.run (node:internal/modules/esm/module_job:343:25)
    at async onImport.tracePromise.__proto__ (node:internal/modules/esm/loader:665:26)
    at async asyncRunEntryPointWithESMLoader (node:internal/modules/run_main:117:5)
Node.js v22.21.1
npm warn config production Use `--omit=dev` instead.
> rest-express@1.0.0 start
> NODE_ENV=production node dist/index.js
file:///app/dist/index.js:723
  throw new Error(
        ^
Error: DATABASE_URL must be set. Did you forget to provision a database?
    at file:///app/dist/index.js:723:9
    at ModuleJob.run (node:internal/modules/esm/module_job:343:25)
    at async onImport.tracePromise.__proto__ (node:internal/modules/esm/loader:665:26)
    at async asyncRunEntryPointWithESMLoader (node:internal/modules/run_main:117:5)
Node.js v22.21.1
npm warn config production Use `--omit=dev` instead.
> rest-express@1.0.0 start
> NODE_ENV=production node dist/index.js
Error: DATABASE_URL must be set. Did you forget to provision a database?
    at file:///app/dist/index.js:723:9
    at ModuleJob.run (node:internal/modules/esm/module_job:343:25)
    at async onImport.tracePromise.__proto__ (node:internal/modules/esm/loader:665:26)
    at async asyncRunEntryPointWithESMLoader (node:internal/modules/run_main:117:5)
Node.js v22.21.1
file:///app/dist/index.js:723
  throw new Error(
        ^
npm warn config production Use `--omit=dev` instead.
> rest-express@1.0.0 start
> NODE_ENV=production node dist/index.js
file:///app/dist/index.js:723
  throw new Error(
        ^
Error: DATABASE_URL must be set. Did you forget to provision a database?
    at file:///app/dist/index.js:723:9
    at ModuleJob.run (node:internal/modules/esm/module_job:343:25)
    at async onImport.tracePromise.__proto__ (node:internal/modules/esm/loader:665:26)
    at async asyncRunEntryPointWithESMLoader (node:internal/modules/run_main:117:5)
Node.js v22.21.1
npm warn config production Use `--omit=dev` instead.
> rest-express@1.0.0 start
> NODE_ENV=production node dist/index.js
file:///app/dist/index.js:723
  throw new Error(
        ^
Error: DATABASE_URL must be set. Did you forget to provision a database?
    at file:///app/dist/index.js:723:9
    at ModuleJob.run (node:internal/modules/esm/module_job:343:25)
    at async onImport.tracePromise.__proto__ (node:internal/modules/esm/loader:665:26)
    at async asyncRunEntryPointWithESMLoader (node:internal/modules/run_main:117:5)
Node.js v22.21.1
npm warn config production Use `--omit=dev` instead.
> rest-express@1.0.0 start
> NODE_ENV=production node dist/index.js
    at async onImport.tracePromise.__proto__ (node:internal/modules/esm/loader:665:26)
    at async asyncRunEntryPointWithESMLoader (node:internal/modules/run_main:117:5)
Error: DATABASE_URL must be set. Did you forget to provision a database?
    at file:///app/dist/index.js:723:9
file:///app/dist/index.js:723
    at ModuleJob.run (node:internal/modules/esm/module_job:343:25)
  throw new Error(
        ^
Node.js v22.21.1
npm warn config production Use `--omit=dev` instead.
> rest-express@1.0.0 start
> NODE_ENV=production node dist/index.js
file:///app/dist/index.js:723
  throw new Error(
        ^
Error: DATABASE_URL must be set. Did you forget to provision a database?
    at file:///app/dist/index.js:723:9
    at ModuleJob.run (node:internal/modules/esm/module_job:343:25)
    at async onImport.tracePromise.__proto__ (node:internal/modules/esm/loader:665:26)
    at async asyncRunEntryPointWithESMLoader (node:internal/modules/run_main:117:5)
Node.js v22.21.1
npm warn config production Use `--omit=dev` instead.
> rest-express@1.0.0 start
> NODE_ENV=production node dist/index.js
Node.js v22.21.1