> rest-express@1.0.0 start
    at async asyncRunEntryPointWithESMLoader (node:internal/modules/run_main:117:5)
file:///app/dist/index.js:731
    at async asyncRunEntryPointWithESMLoader (node:internal/modules/run_main:117:5)
> NODE_ENV=production node dist/index.js
  throw new Error(
Node.js v22.21.1
npm warn config production Use `--omit=dev` instead.
Node.js v22.21.1
file:///app/dist/index.js:731
    at ModuleJob.run (node:internal/modules/esm/module_job:343:25)
    at async onImport.tracePromise.__proto__ (node:internal/modules/esm/loader:665:26)
  throw new Error(
        ^
Error: DATABASE_URL must be set. Did you forget to provision a database?
    at file:///app/dist/index.js:731:9
        ^
Error: DATABASE_URL must be set. Did you forget to provision a database?
    at file:///app/dist/index.js:731:9
    at ModuleJob.run (node:internal/modules/esm/module_job:343:25)
npm warn config production Use `--omit=dev` instead.
> rest-express@1.0.0 start
> NODE_ENV=production node dist/index.js
    at async asyncRunEntryPointWithESMLoader (node:internal/modules/run_main:117:5)
Node.js v22.21.1
file:///app/dist/index.js:731
  throw new Error(
        ^
Error: DATABASE_URL must be set. Did you forget to provision a database?
    at file:///app/dist/index.js:731:9
    at ModuleJob.run (node:internal/modules/esm/module_job:343:25)
    at async onImport.tracePromise.__proto__ (node:internal/modules/esm/loader:665:26)
npm warn config production Use `--omit=dev` instead.
> rest-express@1.0.0 start
> NODE_ENV=production node dist/index.js
file:///app/dist/index.js:731
  throw new Error(
        ^
Error: DATABASE_URL must be set. Did you forget to provision a database?
    at file:///app/dist/index.js:731:9
    at ModuleJob.run (node:internal/modules/esm/module_job:343:25)
    at async onImport.tracePromise.__proto__ (node:internal/modules/esm/loader:665:26)
    at async asyncRunEntryPointWithESMLoader (node:internal/modules/run_main:117:5)
Node.js v22.21.1
npm warn config production Use `--omit=dev` instead.
> rest-express@1.0.0 start
> NODE_ENV=production node dist/index.js
file:///app/dist/index.js:731
  throw new Error(
        ^
Error: DATABASE_URL must be set. Did you forget to provision a database?
    at file:///app/dist/index.js:731:9
    at ModuleJob.run (node:internal/modules/esm/module_job:343:25)
    at async onImport.tracePromise.__proto__ (node:internal/modules/esm/loader:665:26)
    at async asyncRunEntryPointWithESMLoader (node:internal/modules/run_main:117:5)
Node.js v22.21.1
npm warn config production Use `--omit=dev` instead.
> rest-express@1.0.0 start
> NODE_ENV=production node dist/index.js
file:///app/dist/index.js:731
  throw new Error(
        ^
Error: DATABASE_URL must be set. Did you forget to provision a database?
    at file:///app/dist/index.js:731:9
    at ModuleJob.run (node:internal/modules/esm/module_job:343:25)
    at async onImport.tracePromise.__proto__ (node:internal/modules/esm/loader:665:26)
    at async asyncRunEntryPointWithESMLoader (node:internal/modules/run_main:117:5)
Node.js v22.21.1
npm warn config production Use `--omit=dev` instead.
> rest-express@1.0.0 start
> NODE_ENV=production node dist/index.js
file:///app/dist/index.js:731
Node.js v22.21.1
  throw new Error(
        ^
Error: DATABASE_URL must be set. Did you forget to provision a database?
    at file:///app/dist/index.js:731:9
